[2026-01-15 10:45:12] [SYSTEM] Dashboard initialized and statistics loaded.
[2026-01-15 11:06:50] [SYSTEM] Dashboard initialized and statistics loaded.
[2026-01-15 11:07:43] [PATIENT] Created new patient: Yaa Manu
[2026-01-15 11:08:48] [DOCTOR] Created new doctor: Eden Hazard
[2026-01-15 11:10:03] [INVENTORY] Added new item: Paracetamol
[2026-01-15 11:40:30] [SYSTEM] Dashboard initialized and statistics loaded.
[2026-01-15 11:41:35] [INVENTORY] Updated item: Paracetamol
[2026-01-15 11:59:03] [SYSTEM] Dashboard initialized and statistics loaded.
[2026-01-15 12:08:03] [SYSTEM] Dashboard initialized and statistics loaded.
[2026-01-15 12:09:10] [CLINICAL] Prescribed Paracetamol for Appointment #2
[2026-01-15 12:09:14] [CLINICAL] Added medical log for Appointment #2
[2026-01-15 12:09:19] [APPOINTMENT] Completed Consultation #2
[2026-01-15 12:55:29] [SYSTEM] Dashboard initialized and statistics loaded.
[2026-01-15 13:01:46] [SYSTEM] Dashboard initialized and statistics loaded.
[2026-01-15 13:05:54] [SYSTEM] Dashboard initialized and statistics loaded.
[2026-01-15 13:06:58] [PATIENT] Updated patient ID: 5
[2026-01-15 13:13:56] [SYSTEM] Dashboard initialized and statistics loaded.
[2026-01-15 13:18:58] [INVENTORY] Added new item: Lonart
[2026-01-15 13:19:42] [CLINICAL] Prescribed Lonart for Appointment #3
[2026-01-15 13:20:04] [CLINICAL] Added medical log for Appointment #3
[2026-01-15 13:20:10] [APPOINTMENT] Completed Consultation #3
[2026-01-15 13:33:04] [SYSTEM] Dashboard initialized and statistics loaded.
[2026-01-15 13:43:53] [SYSTEM] Dashboard initialized and statistics loaded.
[2026-01-15 13:52:28] [SYSTEM] Dashboard initialized and statistics loaded.
[2026-01-15 14:12:03] [SYSTEM] Dashboard initialized and statistics loaded.
[2026-01-15 14:22:10] [SYSTEM] Dashboard initialized and statistics loaded.
[2026-01-15 14:23:04] [SYSTEM] Dashboard initialized and statistics loaded.
[2026-01-15 14:29:34] [SYSTEM] Dashboard initialized and statistics loaded.
[2026-01-15 14:39:35] [SYSTEM] Dashboard initialized and statistics loaded.
[2026-01-15 14:40:58] [CLINICAL] Prescribed Lonart for Appointment #1
[2026-01-15 14:41:06] [CLINICAL] Added medical log for Appointment #1
[2026-01-15 14:41:15] [APPOINTMENT] Completed Consultation #1
[2026-01-15 14:42:12] [PATIENT] Created new patient: Leo Do
[2026-01-15 15:23:36] [SYSTEM] Dashboard initialized and statistics loaded.
[2026-01-16 07:20:40] [SYSTEM] Dashboard initialized and statistics loaded.
[2026-01-16 10:03:19] [SYSTEM] Dashboard initialized and statistics loaded.
[2026-01-16 10:08:34] [SYSTEM] Dashboard initialized and statistics loaded.
[2026-01-16 10:11:24] [SYSTEM] Dashboard initialized and statistics loaded.
[2026-01-16 10:35:48] [SYSTEM] Dashboard initialized and statistics loaded.
